ProductName                              CompanyName
---------------------------------------- ----------------------------------------
Alice Mutton                             Pavlova, Ltd.
Aniseed Syrup                            Exotic Liquids
Boston Crab Meat                         New England Seafood Cannery
Camembert Pierrot                        Gai pâturage
Carnarvon Tigers                         Pavlova, Ltd.
Chai                                     Exotic Liquids
Chang                                    Exotic Liquids
Chartreuse verte                         Aux joyeux ecclésiastiques
Chef Anton's Cajun Seasoning             New Orleans Cajun Delights
Chef Anton's Gumbo Mix                   New Orleans Cajun Delights
Chocolade                                Zaanse Snoepfabriek
Côte de Blaye                            Aux joyeux ecclésiastiques
Escargots de Bourgogne                   Escargots Nouveaux
Filo Mix                                 G'day, Mate
Flotemysost                              Norske Meierier
Geitost                                  Norske Meierier
Genen Shouyu                             Mayumi's
Gnocchi di nonna Alice                   Pasta Buttini s.r.l.
Gorgonzola Telino                        Formaggi Fortini s.r.l.
Grandma's Boysenberry Spread             Grandma Kelly's Homestead
Gravad lax                               Svensk Sjöföda AB
Guaraná Fantástica                       Refrescos Americanas LTDA
Gudbrandsdalsost                         Norske Meierier
Gula Malacca                             Leka Trading
Gumbär Gummibärchen                      Heli Süßwaren GmbH & Co. KG
Gustaf's Knäckebröd                      PB Knäckebröd AB
Ikura                                    Tokyo Traders
Inlagd Sill                              Svensk Sjöföda AB
Ipoh Coffee                              Leka Trading
Jack's New England Clam Chowder          New England Seafood Cannery
Konbu                                    Mayumi's
Lakkalikööri                             Karkki Oy
Laughing Lumberjack Lager                Bigfoot Breweries
Longlife Tofu                            Tokyo Traders
Louisiana Fiery Hot Pepper Sauce         New Orleans Cajun Delights
Louisiana Hot Spiced Okra                New Orleans Cajun Delights
Manjimup Dried Apples                    G'day, Mate
Mascarpone Fabioli                       Formaggi Fortini s.r.l.
Maxilaku                                 Karkki Oy
Mishi Kobe Niku                          Tokyo Traders
Mozzarella di Giovanni                   Formaggi Fortini s.r.l.
Nord-Ost Matjeshering                    Nord-Ost-Fisch Handelsgesellschaft mbH
Northwoods Cranberry Sauce               Grandma Kelly's Homestead
NuNuCa Nuß-Nougat-Creme                  Heli Süßwaren GmbH & Co. KG
Original Frankfurter grüne Soße          Plutzer Lebensmittelgroßmärkte AG
Outback Lager                            Pavlova, Ltd.
Pâté chinois                             Ma Maison
Pavlova                                  Pavlova, Ltd.
Perth Pasties                            G'day, Mate
Queso Cabrales                           Cooperativa de Quesos 'Las Cabras'
Queso Manchego La Pastora                Cooperativa de Quesos 'Las Cabras'
Raclette Courdavault                     Gai pâturage
Ravioli Angelo                           Pasta Buttini s.r.l.
Rhönbräu Klosterbier                     Plutzer Lebensmittelgroßmärkte AG
Röd Kaviar                               Svensk Sjöföda AB
Rogede sild                              Lyngbysild
Rössle Sauerkraut                        Plutzer Lebensmittelgroßmärkte AG
Sasquatch Ale                            Bigfoot Breweries
Schoggi Schokolade                       Heli Süßwaren GmbH & Co. KG
Scottish Longbreads                      Specialty Biscuits, Ltd.
Singaporean Hokkien Fried Mee            Leka Trading
Sir Rodney's Marmalade                   Specialty Biscuits, Ltd.
Sir Rodney's Scones                      Specialty Biscuits, Ltd.
Sirop d'érable                           Forêts d'érables
Spegesild                                Lyngbysild
Steeleye Stout                           Bigfoot Breweries
Tarte au sucre                           Forêts d'érables
Teatime Chocolate Biscuits               Specialty Biscuits, Ltd.
Thüringer Rostbratwurst                  Plutzer Lebensmittelgroßmärkte AG
Tofu                                     Mayumi's
Tourtière                                Ma Maison
Tunnbröd                                 PB Knäckebröd AB
Uncle Bob's Organic Dried Pears          Grandma Kelly's Homestead
Valkoinen suklaa                         Karkki Oy
Vegie-spread                             Pavlova, Ltd.
Wimmers gute Semmelknödel                Plutzer Lebensmittelgroßmärkte AG
Zaanse koeken                            Zaanse Snoepfabriek

(77 rows affected)


Completion time: 2021-04-06T08:21:25.6215650-06:00
